
> portfolio-v2@1.0.0 build
> tsc -b && vite build

src/components/reactbits/Silk.tsx(99,5): error TS2503: Cannot find namespace 'THREE'.
src/components/reactbits/Silk.tsx(104,9): error TS2503: Cannot find namespace 'THREE'.
src/components/reactbits/Silk.tsx(123,17): error TS2322: Type 'SilkUniforms' is not assignable to type '{ [uniform: string]: IUniform<any>; } | Readonly<{ [uniform: string]: IUniform<any>; } | undefined>'.
  Type 'SilkUniforms' is not assignable to type 'Readonly<{ [uniform: string]: IUniform<any>; }>'.
    Index signature for type 'string' is missing in type 'SilkUniforms'.
src/components/reactbits/Silk.tsx(139,28): error TS2503: Cannot find namespace 'THREE'.
src/components/reactbits/SplitText.tsx(4,1): error TS2578: Unused '@ts-expect-error' directive.
src/components/reactbits/SplitText.tsx(29,17): error TS2503: Cannot find namespace 'JSX'.
src/components/reactbits/SplitText.tsx(82,17): error TS2322: Type 'null' is not assignable to type '{ revert: () => void; } | undefined'.
src/components/reactbits/SplitText.tsx(154,21): error TS2345: Argument of type '(st: { trigger: HTMLElement | null; kill: () => void; }) => void' is not assignable to parameter of type '(value: ScrollTrigger, index: number, array: ScrollTrigger[]) => void'.
  Types of parameters 'st' and 'value' are incompatible.
    Type 'ScrollTrigger' is not assignable to type '{ trigger: HTMLElement | null; kill: () => void; }'.
      Types of property 'trigger' are incompatible.
        Type 'Element | undefined' is not assignable to type 'HTMLElement | null'.
          Type 'undefined' is not assignable to type 'HTMLElement | null'.
src/components/reactbits/SplitText.tsx(163,17): error TS2322: Type 'null' is not assignable to type '{ revert: () => void; } | undefined'.
src/components/reactbits/SplitText.tsx(183,39): error TS2503: Cannot find namespace 'JSX'.
src/components/reactbits/SplitText.tsx(195,10): error TS2604: JSX element type 'Tag' does not have any construct or call signatures.
src/components/reactbits/SplitText.tsx(195,10): error TS2786: 'Tag' cannot be used as a JSX component.
  Its type 'string | number | symbol' is not a valid JSX element type.
    Type 'number' is not assignable to type 'ElementType'.
